[1;36m==>[0m installing dependencies (apt-get)
    python: /usr/bin/python3 (Python 3.12.3)
[1;36m==>[0m cloning file:///src (ref: master, shallow)
[1;36m==>[0m creating system user maltrail
[1;36m==>[0m creating /var/log/maltrail and /var/lib/maltrail
[1;36m==>[0m writing /etc/maltrail.conf
[1;36m==>[0m installing sensor binary from /sensor-under-test
    sensor:  Maltrail (sensor) #v3.3 {https://maltrail.github.io}
[1;36m==>[0m seeding the static trail cache from 3.3
    sha256 verified
    seeded 1638558 trails into /var/lib/maltrail/trails.csv.static
[1;36m==>[0m installing systemd units
    /run/maltrail-units/maltrail-server.service
    /run/maltrail-units/maltrail-sensor.service

[1;36m==>[0m Maltrail installed
    tree     /opt/maltrail  (4609f4b)
    config   /etc/maltrail.conf
    events   /var/log/maltrail
    trails   /var/lib/maltrail/trails.csv
    ui       http://127.0.0.1:8338  (default login: admin / changeme!)
    no systemd here, so nothing was started. Run it by hand:
      (cd /opt/maltrail && sudo -u maltrail /usr/bin/python3 server.py -c /etc/maltrail.conf)
      sudo -u maltrail /opt/maltrail/sensor/target/release/maltrail-sensor -c /etc/maltrail.conf
    The first trail build takes a few minutes; until it finishes nothing is detected.

--- ASSERT ---
P os Ubuntu 24.04.4 LTS
P host_kernel 6.8.0-138-generic
P machine x86_64
P python 3.12.3
P libc ldd (Ubuntu GLIBC 2.39-0ubuntu8.8) 2.39
A tree
A conf
A user
A logdir
A logdir-writable
A conf-managed-block
A unit-server
A unit-server-conf
A unit-sensor
A unit-sensor-conf
A server-ping
A sensor-runs
P sensor_version Maltrail (sensor) #v3.3 {https://maltrail.github.io}
A sensor-selftest
F the sensor never reached 'running', so it captured nothing

[i] using configuration file '/etc/maltrail.conf'
[i] using '/var/log/maltrail' for log storage
[i] using '/var/lib/maltrail/trails.csv' for trail storage (last modification: '2026-09-04 21:09:25')
[i] trail updates disabled ('DISABLE_TRAIL_UPDATES'); using '/var/lib/maltrail/trails.csv' as-is
[i] 3 trails loaded
[i] opening interface 'any'
[!] unable to open capture on 'any': libpcap error: Promiscuous mode not supported on the "any" device
A rerun-ok
A conf-preserved
A tree-after-rerun
A inplace-adopted
A inplace-kept-edit
A inplace-kept-custom-trail
A inplace-cloned-nothing
A inplace-uninstall-kept-tree
A dirty-tree-refused
A dirty-tree-edit-kept
A force-upgraded
A force-kept-custom-trail
A uninstall-ran
A uninstall-removed-tree
A uninstall-removed-units
A uninstall-kept-conf
A uninstall-kept-logs
